
LibreHardwareMonitor Report

--------------------------------------------------------------------------------

Version: 0.9.2.0

--------------------------------------------------------------------------------

Common Language Runtime: 4.0.30319.42000
Operating System: Microsoft Windows NT 10.0.19045.0
Process Type: 64-Bit

--------------------------------------------------------------------------------

Sensors

|
+- ASUS PRIME B760M-K D4 (/motherboard)
|  |
|  +- Nuvoton NCT6798D (/lpc/nct6798d)
|  |  +- Vcore          :    0.944    0.608     1.08 (/lpc/nct6798d/voltage/0)
|  |  +- Voltage #2     :        1    0.992        1 (/lpc/nct6798d/voltage/1)
|  |  +- AVCC           :    3.392    3.392    3.408 (/lpc/nct6798d/voltage/2)
|  |  +- +3.3V          :    3.328    3.296    3.328 (/lpc/nct6798d/voltage/3)
|  |  +- Voltage #5     :    1.016        1    1.024 (/lpc/nct6798d/voltage/4)
|  |  +- Voltage #6     :    0.208    0.208    0.208 (/lpc/nct6798d/voltage/5)
|  |  +- Voltage #7     :    0.992    0.992        1 (/lpc/nct6798d/voltage/6)
|  |  +- 3VSB           :    3.392    3.392    3.392 (/lpc/nct6798d/voltage/7)
|  |  +- VTT            :    0.528    0.528    0.528 (/lpc/nct6798d/voltage/9)
|  |  +- Voltage #11    :      0.6      0.6      0.6 (/lpc/nct6798d/voltage/10)
|  |  +- Voltage #12    :    0.832    0.816    0.832 (/lpc/nct6798d/voltage/11)
|  |  +- Voltage #13    :    1.064    1.064    1.064 (/lpc/nct6798d/voltage/12)
|  |  +- Voltage #14    :    0.992    0.984        1 (/lpc/nct6798d/voltage/13)
|  |  +- Voltage #15    :    1.016    1.008    1.016 (/lpc/nct6798d/voltage/14)
|  |  +- Temperature #1 :       40     38.5     42.5 (/lpc/nct6798d/temperature/1)
|  |  +- Temperature #2 :       39       38       39 (/lpc/nct6798d/temperature/2)
|  |  +- Temperature #3 :     26.5       26     26.5 (/lpc/nct6798d/temperature/3)
|  |  +- Temperature #4 :       15       15       15 (/lpc/nct6798d/temperature/4)
|  |  +- Temperature #5 :      -11      -11      -10 (/lpc/nct6798d/temperature/5)
|  |  +- Temperature #6 :       25       25       26 (/lpc/nct6798d/temperature/6)
|  |  +- Fan #1         :  1628.47  1584.51  1920.34 (/lpc/nct6798d/fan/0)
|  |  +- Fan #2         :        0        0        0 (/lpc/nct6798d/fan/1)
|  |  +- Fan #3         :        0        0        0 (/lpc/nct6798d/fan/2)
|  |  +- Fan #4         :        0        0        0 (/lpc/nct6798d/fan/3)
|  |  +- Fan #5         :        0        0        0 (/lpc/nct6798d/fan/4)
|  |  +- Fan #6         :        0        0        0 (/lpc/nct6798d/fan/5)
|  |  +- Fan #1         :  67.8431  66.2745  81.5686 (/lpc/nct6798d/control/0)
|  |  +- Fan #7         :        0        0        0 (/lpc/nct6798d/fan/6)
|  |  +- Fan #2         :   34.902   32.549  57.6471 (/lpc/nct6798d/control/1)
|  |  +- Fan #3         :       60       60       60 (/lpc/nct6798d/control/2)
|  |  +- Fan #4         :       60       60       60 (/lpc/nct6798d/control/3)
|  |  +- Fan #5         :       60       60       60 (/lpc/nct6798d/control/4)
|  |  +- Fan #6         :      100      100      100 (/lpc/nct6798d/control/5)
|  |  +- Fan #7         :      100      100      100 (/lpc/nct6798d/control/6)
|
+- 13th Gen Intel Core i5-13400 (/intelcpu/0)
|  +- CPU Core       :   1.0448 0.660645  1.19995 (/intelcpu/0/voltage/0)
|  +- CPU Core #1    :  1.17481 0.660645  1.19959 (/intelcpu/0/voltage/1)
|  +- CPU Core #2    :  1.17481 0.665161  1.19849 (/intelcpu/0/voltage/2)
|  +- CPU Core #3    :  1.17481 0.663574  1.19849 (/intelcpu/0/voltage/3)
|  +- CPU Core #4    :  1.17481 0.659058  1.19849 (/intelcpu/0/voltage/4)
|  +- CPU Core #5    :   1.1648 0.659058  1.19849 (/intelcpu/0/voltage/5)
|  +- CPU Core #6    :   1.1648 0.657715  1.19763 (/intelcpu/0/voltage/6)
|  +- CPU Core #7    :   1.1648 0.655151  1.19336 (/intelcpu/0/voltage/7)
|  +- CPU Core #8    :  1.03748 0.655396  1.19287 (/intelcpu/0/voltage/8)
|  +- CPU Core #9    :  1.03748 0.654419  1.19287 (/intelcpu/0/voltage/9)
|  +- CPU Core #10   :  1.03748 0.654419  1.19287 (/intelcpu/0/voltage/10)
|  +- CPU Package    :  8.88147  7.17658  68.3358 (/intelcpu/0/power/0)
|  +- CPU Cores      :  3.50833  1.84741  60.9661 (/intelcpu/0/power/1)
|  +- CPU Memory     :        0        0        0 (/intelcpu/0/power/3)
|  +- Bus Speed      :  99.8402  99.8389  99.8415 (/intelcpu/0/clock/0)
|  +- CPU Core #1    :  4592.65  1098.24  4592.71 (/intelcpu/0/clock/1)
|  +- CPU Core #2    :  4592.65  499.201  4592.71 (/intelcpu/0/clock/2)
|  +- CPU Core #3    :  4592.65  499.201  4592.66 (/intelcpu/0/clock/3)
|  +- CPU Core #4    :  4592.65  499.201  4592.66 (/intelcpu/0/clock/4)
|  +- CPU Core #5    :  4592.65    499.2  4592.66 (/intelcpu/0/clock/5)
|  +- CPU Core #6    :  4592.65    499.2  4592.66 (/intelcpu/0/clock/6)
|  +- CPU Core #7    :  1697.28   399.36  3294.73 (/intelcpu/0/clock/7)
|  +- CPU Core #8    :   1996.8   399.36  3294.77 (/intelcpu/0/clock/8)
|  +- CPU Core #9    :  2695.68   399.36  3294.74 (/intelcpu/0/clock/9)
|  +- CPU Core #10   :  3294.73  399.359  3294.77 (/intelcpu/0/clock/10)
|  +- CPU Core #1    :       34       29       58 (/intelcpu/0/temperature/0)
|  +- CPU Core #2    :       35       31       57 (/intelcpu/0/temperature/1)
|  +- CPU Core #3    :       35       31       61 (/intelcpu/0/temperature/2)
|  +- CPU Core #4    :       36       32       60 (/intelcpu/0/temperature/3)
|  +- CPU Core #5    :       35       30       57 (/intelcpu/0/temperature/4)
|  +- CPU Core #6    :       35       32       61 (/intelcpu/0/temperature/5)
|  +- CPU Core #7    :       36       32       51 (/intelcpu/0/temperature/6)
|  +- CPU Core #8    :       36       32       51 (/intelcpu/0/temperature/7)
|  +- CPU Core #9    :       36       32       51 (/intelcpu/0/temperature/8)
|  +- CPU Core #10   :       36       32       51 (/intelcpu/0/temperature/9)
|  +- CPU Package    :       37       35       61 (/intelcpu/0/temperature/10)
|  +- CPU Core #1 Distance to TjMax :       66       42       71 (/intelcpu/0/temperature/11)
|  +- CPU Core #2 Distance to TjMax :       65       43       69 (/intelcpu/0/temperature/12)
|  +- CPU Core #3 Distance to TjMax :       65       39       69 (/intelcpu/0/temperature/13)
|  +- CPU Core #4 Distance to TjMax :       64       40       68 (/intelcpu/0/temperature/14)
|  +- CPU Core #5 Distance to TjMax :       65       43       70 (/intelcpu/0/temperature/15)
|  +- CPU Core #6 Distance to TjMax :       65       39       68 (/intelcpu/0/temperature/16)
|  +- CPU Core #7 Distance to TjMax :       64       49       68 (/intelcpu/0/temperature/17)
|  +- CPU Core #8 Distance to TjMax :       64       49       68 (/intelcpu/0/temperature/18)
|  +- CPU Core #9 Distance to TjMax :       64       49       68 (/intelcpu/0/temperature/19)
|  +- CPU Core #10 Distance to TjMax :       64       49       68 (/intelcpu/0/temperature/20)
|  +- Core Max       :       36       33       61 (/intelcpu/0/temperature/21)
|  +- Core Average   :     35.4     32.5     55.3 (/intelcpu/0/temperature/22)
|  +- CPU Total      :  5.16657        0  73.1929 (/intelcpu/0/load/0)
|  +- CPU Core #1 Thread #1 : 0.534523        0  95.1978 (/intelcpu/0/load/1)
|  +- CPU Core #1 Thread #2 :        0        0  71.3826 (/intelcpu/0/load/2)
|  +- CPU Core #2 Thread #1 :        0        0  81.4288 (/intelcpu/0/load/3)
|  +- CPU Core #2 Thread #2 :        0        0  75.0096 (/intelcpu/0/load/4)
|  +- CPU Core #3 Thread #1 :        0        0   80.713 (/intelcpu/0/load/5)
|  +- CPU Core #3 Thread #2 :        0        0   63.325 (/intelcpu/0/load/6)
|  +- CPU Core #4 Thread #1 :        0        0  81.6702 (/intelcpu/0/load/7)
|  +- CPU Core #4 Thread #2 :        0        0  66.5826 (/intelcpu/0/load/8)
|  +- CPU Core #5 Thread #1 :        0        0  77.8437 (/intelcpu/0/load/9)
|  +- CPU Core #5 Thread #2 :        0        0  63.5089 (/intelcpu/0/load/10)
|  +- CPU Core #6 Thread #1 :        0        0  83.0312 (/intelcpu/0/load/11)
|  +- CPU Core #6 Thread #2 :        0        0  60.5806 (/intelcpu/0/load/12)
|  +- CPU Core #7    :  22.2302        0  96.4708 (/intelcpu/0/load/13)
|  +- CPU Core #8    :  24.7658        0  98.3909 (/intelcpu/0/load/14)
|  +- CPU Core #9    :  23.8082        0  99.4366 (/intelcpu/0/load/15)
|  +- CPU Core #10   :  22.8174 0.719363  99.4511 (/intelcpu/0/load/16)
|
+- Generic Memory (/ram)
|  +- Memory         :  68.5084   60.197  73.4054 (/ram/load/0)
|  +- Virtual Memory :  88.1451  85.6112  89.5794 (/ram/load/1)
|  +- Memory Used    :  10.7884  9.47952  11.5595 (/ram/data/0)
|  +- Memory Available :  4.95913  4.18799  6.26797 (/ram/data/1)
|  +- Virtual Memory Used :  21.4316  19.3747  21.6826 (/ram/data/2)
|  +- Virtual Memory Available :  2.88241   2.3219  3.35171 (/ram/data/3)
|
+- Intel(R) UHD Graphics 730 (/gpu-intel-integrated/\\?\PCI#VEN_8086&DEV_4682&SUBSYS_88821043&REV_0C#3&11583659&0&10#{1ca05180-a699-450a-9a0c-de4fbe3ddd89})
|  +- GPU Power      : 0.0201169        0  4258.96 (/gpu-intel-integrated/\\?\PCI#VEN_8086&DEV_4682&SUBSYS_88821043&REV_0C#3&11583659&0&10#{1ca05180-a699-450a-9a0c-de4fbe3ddd89}/power/0)
|  +- D3D 3D         : 0.939093 0.104752  35.2802 (/gpu-intel-integrated/\\?\PCI#VEN_8086&DEV_4682&SUBSYS_88821043&REV_0C#3&11583659&0&10#{1ca05180-a699-450a-9a0c-de4fbe3ddd89}/load/0)
|  +- D3D Copy       :        0        0        0 (/gpu-intel-integrated/\\?\PCI#VEN_8086&DEV_4682&SUBSYS_88821043&REV_0C#3&11583659&0&10#{1ca05180-a699-450a-9a0c-de4fbe3ddd89}/load/1)
|  +- D3D GDI Render :        0        0        0 (/gpu-intel-integrated/\\?\PCI#VEN_8086&DEV_4682&SUBSYS_88821043&REV_0C#3&11583659&0&10#{1ca05180-a699-450a-9a0c-de4fbe3ddd89}/load/2)
|  +- D3D Other      :        0        0        0 (/gpu-intel-integrated/\\?\PCI#VEN_8086&DEV_4682&SUBSYS_88821043&REV_0C#3&11583659&0&10#{1ca05180-a699-450a-9a0c-de4fbe3ddd89}/load/3)
|  +- D3D Other      :        0        0        0 (/gpu-intel-integrated/\\?\PCI#VEN_8086&DEV_4682&SUBSYS_88821043&REV_0C#3&11583659&0&10#{1ca05180-a699-450a-9a0c-de4fbe3ddd89}/load/4)
|  +- D3D Other      :        0        0        0 (/gpu-intel-integrated/\\?\PCI#VEN_8086&DEV_4682&SUBSYS_88821043&REV_0C#3&11583659&0&10#{1ca05180-a699-450a-9a0c-de4fbe3ddd89}/load/5)
|  +- D3D Other      :        0        0        0 (/gpu-intel-integrated/\\?\PCI#VEN_8086&DEV_4682&SUBSYS_88821043&REV_0C#3&11583659&0&10#{1ca05180-a699-450a-9a0c-de4fbe3ddd89}/load/6)
|  +- D3D Other      :        0        0        0 (/gpu-intel-integrated/\\?\PCI#VEN_8086&DEV_4682&SUBSYS_88821043&REV_0C#3&11583659&0&10#{1ca05180-a699-450a-9a0c-de4fbe3ddd89}/load/7)
|  +- D3D Other      :        0        0        0 (/gpu-intel-integrated/\\?\PCI#VEN_8086&DEV_4682&SUBSYS_88821043&REV_0C#3&11583659&0&10#{1ca05180-a699-450a-9a0c-de4fbe3ddd89}/load/8)
|  +- D3D Video Decode :  1.67533        0  13.7776 (/gpu-intel-integrated/\\?\PCI#VEN_8086&DEV_4682&SUBSYS_88821043&REV_0C#3&11583659&0&10#{1ca05180-a699-450a-9a0c-de4fbe3ddd89}/load/9)
|  +- D3D Video Decode :        0        0        0 (/gpu-intel-integrated/\\?\PCI#VEN_8086&DEV_4682&SUBSYS_88821043&REV_0C#3&11583659&0&10#{1ca05180-a699-450a-9a0c-de4fbe3ddd89}/load/10)
|  +- D3D Video Processing :        0        0        0 (/gpu-intel-integrated/\\?\PCI#VEN_8086&DEV_4682&SUBSYS_88821043&REV_0C#3&11583659&0&10#{1ca05180-a699-450a-9a0c-de4fbe3ddd89}/load/11)
|  +- D3D Video Processing :        0        0        0 (/gpu-intel-integrated/\\?\PCI#VEN_8086&DEV_4682&SUBSYS_88821043&REV_0C#3&11583659&0&10#{1ca05180-a699-450a-9a0c-de4fbe3ddd89}/load/12)
|  +- D3D Shared Memory Used :  1316.79  1289.25  1547.25 (/gpu-intel-integrated/\\?\PCI#VEN_8086&DEV_4682&SUBSYS_88821043&REV_0C#3&11583659&0&10#{1ca05180-a699-450a-9a0c-de4fbe3ddd89}/smalldata/0)
|
+- Colorful CN600 512GB DDR (/nvme/0)
|  +- Temperature    :       31        0       37 (/nvme/0/temperature/0)
|  +- Used Space     :  23.6763  23.1936  23.6763 (/nvme/0/load/0)
|  +- Write Activity : 0.542276        0      100 (/nvme/0/load/32)
|  +- Total Activity : 0.613089        0  99.9953 (/nvme/0/load/33)
|  +- Available Spare :      100        0      100 (/nvme/0/level/1)
|  +- Available Spare Threshold :        5        0        5 (/nvme/0/level/2)
|  +- Percentage Used :        0        0        0 (/nvme/0/level/3)
|  +- Data Read      :      260        0      260 (/nvme/0/data/4)
|  +- Data Written   :      493        0      493 (/nvme/0/data/5)
|  +- Read Rate      :        0        0 2.38599E+08 (/nvme/0/throughput/34)
|  +- Write Rate     :   166612        0 2.40421E+08 (/nvme/0/throughput/35)
|
+- 以太网 (/nic/{895546AA-31B0-4B71-B9A6-B86950957E74})
|  +- Network Utilization :   1.1608 0.0681743  18.2631 (/nic/{895546AA-31B0-4B71-B9A6-B86950957E74}/load/1)
|  +- Data Uploaded  :  2.99996  2.61797  2.99996 (/nic/{895546AA-31B0-4B71-B9A6-B86950957E74}/data/2)
|  +- Data Downloaded :  2.79095  2.63554  2.79095 (/nic/{895546AA-31B0-4B71-B9A6-B86950957E74}/data/3)
|  +- Upload Speed   :  78330.5  5395.61 1.09244E+06 (/nic/{895546AA-31B0-4B71-B9A6-B86950957E74}/throughput/7)
|  +- Download Speed :  66769.1  2402.89 1.94121E+06 (/nic/{895546AA-31B0-4B71-B9A6-B86950957E74}/throughput/8)

--------------------------------------------------------------------------------

Parameters

|
+- ASUS PRIME B760M-K D4 (/motherboard)
|  |
|  +- Nuvoton NCT6798D (/lpc/nct6798d)
|  |  |
|  |  +- Vcore (/lpc/nct6798d/voltage/0)
|  |  |  +- Ri [kΩ] : 0 : 0
|  |  |  +- Rf [kΩ] : 1 : 1
|  |  |  +- Vf [V] : 0 : 0
|  |  |
|  |  +- Voltage #2 (/lpc/nct6798d/voltage/1)
|  |  |  +- Ri [kΩ] : 0 : 0
|  |  |  +- Rf [kΩ] : 1 : 1
|  |  |  +- Vf [V] : 0 : 0
|  |  |
|  |  +- AVCC (/lpc/nct6798d/voltage/2)
|  |  |  +- Ri [kΩ] : 34 : 34
|  |  |  +- Rf [kΩ] : 34 : 34
|  |  |  +- Vf [V] : 0 : 0
|  |  |
|  |  +- +3.3V (/lpc/nct6798d/voltage/3)
|  |  |  +- Ri [kΩ] : 34 : 34
|  |  |  +- Rf [kΩ] : 34 : 34
|  |  |  +- Vf [V] : 0 : 0
|  |  |
|  |  +- Voltage #5 (/lpc/nct6798d/voltage/4)
|  |  |  +- Ri [kΩ] : 0 : 0
|  |  |  +- Rf [kΩ] : 1 : 1
|  |  |  +- Vf [V] : 0 : 0
|  |  |
|  |  +- Voltage #6 (/lpc/nct6798d/voltage/5)
|  |  |  +- Ri [kΩ] : 0 : 0
|  |  |  +- Rf [kΩ] : 1 : 1
|  |  |  +- Vf [V] : 0 : 0
|  |  |
|  |  +- Voltage #7 (/lpc/nct6798d/voltage/6)
|  |  |  +- Ri [kΩ] : 0 : 0
|  |  |  +- Rf [kΩ] : 1 : 1
|  |  |  +- Vf [V] : 0 : 0
|  |  |
|  |  +- 3VSB (/lpc/nct6798d/voltage/7)
|  |  |  +- Ri [kΩ] : 34 : 34
|  |  |  +- Rf [kΩ] : 34 : 34
|  |  |  +- Vf [V] : 0 : 0
|  |  |
|  |  +- VTT (/lpc/nct6798d/voltage/9)
|  |  |  +- Ri [kΩ] : 0 : 0
|  |  |  +- Rf [kΩ] : 1 : 1
|  |  |  +- Vf [V] : 0 : 0
|  |  |
|  |  +- Voltage #11 (/lpc/nct6798d/voltage/10)
|  |  |  +- Ri [kΩ] : 0 : 0
|  |  |  +- Rf [kΩ] : 1 : 1
|  |  |  +- Vf [V] : 0 : 0
|  |  |
|  |  +- Voltage #12 (/lpc/nct6798d/voltage/11)
|  |  |  +- Ri [kΩ] : 0 : 0
|  |  |  +- Rf [kΩ] : 1 : 1
|  |  |  +- Vf [V] : 0 : 0
|  |  |
|  |  +- Voltage #13 (/lpc/nct6798d/voltage/12)
|  |  |  +- Ri [kΩ] : 0 : 0
|  |  |  +- Rf [kΩ] : 1 : 1
|  |  |  +- Vf [V] : 0 : 0
|  |  |
|  |  +- Voltage #14 (/lpc/nct6798d/voltage/13)
|  |  |  +- Ri [kΩ] : 0 : 0
|  |  |  +- Rf [kΩ] : 1 : 1
|  |  |  +- Vf [V] : 0 : 0
|  |  |
|  |  +- Voltage #15 (/lpc/nct6798d/voltage/14)
|  |  |  +- Ri [kΩ] : 0 : 0
|  |  |  +- Rf [kΩ] : 1 : 1
|  |  |  +- Vf [V] : 0 : 0
|  |  |
|  |  +- Temperature #1 (/lpc/nct6798d/temperature/1)
|  |  |  +- Offset [°C] : 0 : 0
|  |  |
|  |  +- Temperature #2 (/lpc/nct6798d/temperature/2)
|  |  |  +- Offset [°C] : 0 : 0
|  |  |
|  |  +- Temperature #3 (/lpc/nct6798d/temperature/3)
|  |  |  +- Offset [°C] : 0 : 0
|  |  |
|  |  +- Temperature #4 (/lpc/nct6798d/temperature/4)
|  |  |  +- Offset [°C] : 0 : 0
|  |  |
|  |  +- Temperature #5 (/lpc/nct6798d/temperature/5)
|  |  |  +- Offset [°C] : 0 : 0
|  |  |
|  |  +- Temperature #6 (/lpc/nct6798d/temperature/6)
|  |  |  +- Offset [°C] : 0 : 0
|
+- 13th Gen Intel Core i5-13400 (/intelcpu/0)
|  |
|  +- CPU Core #1 (/intelcpu/0/temperature/0)
|  |  +- TjMax [°C] : 100 : 100
|  |  +- TSlope [°C] : 1 : 1
|  |
|  +- CPU Core #2 (/intelcpu/0/temperature/1)
|  |  +- TjMax [°C] : 100 : 100
|  |  +- TSlope [°C] : 1 : 1
|  |
|  +- CPU Core #3 (/intelcpu/0/temperature/2)
|  |  +- TjMax [°C] : 100 : 100
|  |  +- TSlope [°C] : 1 : 1
|  |
|  +- CPU Core #4 (/intelcpu/0/temperature/3)
|  |  +- TjMax [°C] : 100 : 100
|  |  +- TSlope [°C] : 1 : 1
|  |
|  +- CPU Core #5 (/intelcpu/0/temperature/4)
|  |  +- TjMax [°C] : 100 : 100
|  |  +- TSlope [°C] : 1 : 1
|  |
|  +- CPU Core #6 (/intelcpu/0/temperature/5)
|  |  +- TjMax [°C] : 100 : 100
|  |  +- TSlope [°C] : 1 : 1
|  |
|  +- CPU Core #7 (/intelcpu/0/temperature/6)
|  |  +- TjMax [°C] : 100 : 100
|  |  +- TSlope [°C] : 1 : 1
|  |
|  +- CPU Core #8 (/intelcpu/0/temperature/7)
|  |  +- TjMax [°C] : 100 : 100
|  |  +- TSlope [°C] : 1 : 1
|  |
|  +- CPU Core #9 (/intelcpu/0/temperature/8)
|  |  +- TjMax [°C] : 100 : 100
|  |  +- TSlope [°C] : 1 : 1
|  |
|  +- CPU Core #10 (/intelcpu/0/temperature/9)
|  |  +- TjMax [°C] : 100 : 100
|  |  +- TSlope [°C] : 1 : 1
|  |
|  +- CPU Package (/intelcpu/0/temperature/10)
|  |  +- TjMax [°C] : 100 : 100
|  |  +- TSlope [°C] : 1 : 1
|
+- Generic Memory (/ram)
|
+- Intel(R) UHD Graphics 730 (/gpu-intel-integrated/\\?\PCI#VEN_8086&DEV_4682&SUBSYS_88821043&REV_0C#3&11583659&0&10#{1ca05180-a699-450a-9a0c-de4fbe3ddd89})
|
+- Colorful CN600 512GB DDR (/nvme/0)
|
+- 以太网 (/nic/{895546AA-31B0-4B71-B9A6-B86950957E74})

--------------------------------------------------------------------------------

Motherboard

SMBios Version: 3.5

BIOS Vendor: American Megatrends Inc.
BIOS Version: 0807
BIOS Date: 2022/12/5
BIOS Size: 16 MB

System Manufacturer: ASUS
System Name: System Product Name
System Version: System Version
System Wakeup: PowerSwitch

Motherboard Manufacturer: ASUSTeK COMPUTER INC.
Motherboard Name: PRIME B760M-K D4
Motherboard Version: Rev 1.xx
Motherboard Serial: 221213970508134

System Enclosure Type: Desktop
System Enclosure Manufacturer: Default string
System Enclosure Version: Default string
System Enclosure Serial: Default string
System Enclosure Asset Tag: Default string
System Enclosure SKU: Default string
System Enclosure Boot Up State: Safe
System Enclosure Power Supply State: Safe
System Enclosure Thermal State: Safe
System Enclosure Power Cords: 1
System Enclosure Lock Detected: No
System Enclosure Security Status: None

Processor Manufacturer: Intel(R) Corporation
Processor Type: CentralProcessor
Processor Version: 13th Gen Intel(R) Core(TM) i5-13400
Processor Serial: To Be Filled By O.E.M.
Processor Socket Destignation: LGA1700
Processor Socket: Other
Processor Version: 13th Gen Intel(R) Core(TM) i5-13400
Processor Family: IntelCoreI5
Processor Core Count: 10
Processor Core Enabled: 10
Processor Thread Count: 16
Processor External Clock: 100 Mhz
Processor Max Speed: 4600 Mhz
Processor Current Speed: 4059 Mhz

Cache [L1] Size: 288
Cache [L1] Associativity: 12Way

Cache [L1] Size: 192
Cache [L1] Associativity: 8Way

Cache [L2] Size: 7680
Cache [L2] Associativity: Other

Cache [L3] Size: 20480
Cache [L3] Associativity: Other

Cache [L1] Size: 128
Cache [L1] Associativity: 8Way

Cache [L1] Size: 256
Cache [L1] Associativity: 8Way

Cache [L2] Size: 2048
Cache [L2] Associativity: 16Way

Cache [L3] Size: 20480
Cache [L3] Associativity: Other

Memory Device [0] Manufacturer: 
Memory Device [0] Part Number: 
Memory Device [0] Device Locator: Controller0-ChannelA-DIMM0
Memory Device [0] Bank Locator: BANK 0
Memory Device [0] Speed: 0
Memory Device [0] Configured Speed: 0
Memory Device [0] Configured Voltage: 0
Memory Device [0] Size: 0 MB

Memory Device [1] Manufacturer: Kingston
Memory Device [1] Part Number: 9905743-213.A00G
Memory Device [1] Device Locator: Controller1-ChannelA-DIMM0
Memory Device [1] Bank Locator: BANK 0
Memory Device [1] Speed: 3200
Memory Device [1] Configured Speed: 3200
Memory Device [1] Configured Voltage: 1200
Memory Device [1] Size: 16384 MB

SMBios Table

 AAMFADsTAAAAGgAAAQIA8AP/gJj7dwEAAAADDQgH//8QAEFtZXJpY2FuIE1lZ2F0
 cmVuZHMgSW5jLgAwODA3ADEyLzA1LzIwMjIAAAEbAQABAgMET4SqN/7FJB0bnVgR
 Is/xLAYFBkFTVVMAU3lzdGVtIFByb2R1Y3QgTmFtZQBTeXN0ZW0gVmVyc2lvbgBT
 eXN0ZW0gU2VyaWFsIE51bWJlcgBTS1UAVG8gYmUgZmlsbGVkIGJ5IE8uRS5NLgAA
 Ag8CAAECAwQFCQYDAAoAQVNVU1RlSyBDT01QVVRFUiBJTkMuAFBSSU1FIEI3NjBN
 LUsgRDQAUmV2IDEueHgAMjIxMjEzOTcwNTA4MTM0AERlZmF1bHQgc3RyaW5nAERl
 ZmF1bHQgc3RyaW5nAAADFgMAAQMCAwQDAwMDAAAAAAABAAMFRGVmYXVsdCBzdHJp
 bmcARGVmYXVsdCBzdHJpbmcARGVmYXVsdCBzdHJpbmcARGVmYXVsdCBzdHJpbmcA
 RGVmYXVsdCBzdHJpbmcAAAsFBAALRGVmYXVsdCBzdHJpbmcARGVmYXVsdCBzdHJp
 bmcAS0lORwBEZWZhdWx0IHN0cmluZwBEZWZhdWx0IHN0cmluZwBEZWZhdWx0IHN0
 cmluZwBEZWZhdWx0IHN0cmluZwBEZWZhdWx0IHN0cmluZwBEZWZhdWx0IHN0cmlu
 ZwBEZWZhdWx0IHN0cmluZwBEZWZhdWx0IHN0cmluZwAADAUFAARTTUk6MDBCMjZD
 AERlZmF1bHQgc3RyaW5nAERlZmF1bHQgc3RyaW5nAERlZmF1bHQgc3RyaW5nAAAg
 FAYAAAAAAAAAAAAAAAAAAAAAAAAAGhYIAAFnAIAAgACAAIAAgAAAAAAAgExNNzhB
 AAAkEAkAAQACAAMABAAFAAYAAAAjCwoAAQcACAAJAERlZmF1bHQgc3RyaW5nAAAs
 CQsA//8BAQAAABAXDAADAwMAAAAE/v8CAAAAAAAAAAAAAAARXA0ADAD+/wAAAAAA
 AAIAAQICAAAAAAAAAAAAAAAAAAAAAAAAAAAAAAAAAAAAAAAAAAAAAAAAAAAAAAAA
 AAAAAAAAAAAAAAAAAAAAAAAAAAAAAAAAAAAAAAAAAENvbnRyb2xsZXIwLUNoYW5u
 ZWxBLURJTU0wAEJBTksgMAA5ODc2NTQzMjEwAAARXA4ADAD+/0AAQAAAQAkAAQIa
 gACADAMEBQYBAAAAAIAMsASwBLAEAwgAAAGYAAAAAAAAAAAAAAAAAAAAAAAABAAA
 AAAAAAAAAAAAAAAAAAAAAAAAAAAAAAAAAENvbnRyb2xsZXIxLUNoYW5uZWxBLURJ
 TU0wAEJBTksgMABLaW5nc3RvbgAyNzkwRDc5NwA5ODc2NTQzMjEwADk5MDU3NDMt
 MjEzLkEwMEcgICAgAAATHw8AAAAAAP///wAMAAEAAAAAAAAAAAAAAAAAAAAAAAAr
 HxAASU5UQwIAEgBYAuQHGQACEAAAAAAAAAAAAAAAVFBNIDIuMABJTlRFTAAALRoR
 AAECAQABAwQA//////////8AAAQBEABUUE0gRmlybXdhcmUAMjU4MDAxMjoxOTA3
 RTQNCgAyMDIxLTA1LTE1VDAwOjAwOjAwWgBJTlRFTAAAFCMSAAAAAAD///8ADgAP
 AP8AAAAAAAAAAAAAAAAAAAAAAAAAAN0MEwABAQAEAAAAAEZTUCBCaW5hcnkgVmVy
 c2lvbgAA3RoUAAMBAAwAixAAAgAAAAAmAAMA//////9SZWZlcmVuY2UgQ29kZSAt
 IENQVQB1Q29kZSBWZXJzaW9uAFRYVCBBQ00gdmVyc2lvbgAA3RoVAAMBAAwAixAA
 AgAAAAAAAAMEEAEZ5AdSZWZlcmVuY2UgQ29kZSAtIE1FAE1FQnggdmVyc2lvbgBN
 RSBGaXJtd2FyZSBWZXJzaW9uAENvbnN1bWVyIFNLVQAA3S8WAAYBAAwAixAAAgP/
 /////wQA////EQAFAP///xEABgACRgAAAAcABAAAAABSZWZlcmVuY2UgQ29kZSAt
 IFBDSABQQ0gtQ1JJRCBTdGF0dXMARGlzYWJsZWQAUENILUNSSUQgT3JpZ2luYWwg
 VmFsdWUAUENILUNSSUQgTmV3IFZhbHVlAE9QUk9NIC0gUlNUIC0gUkFJRABQQ0gg
 SHNpbyBWZXJzaW9uAADdUhcACwEADACLEAACAAAABFkAAwAMAIsQAAQF//////8G
 AAAAAAIABwAAAAACAAgA//////8JAP//////CgD//////wsA//////8MAP//////
 UmVmZXJlbmNlIENvZGUgLSBTQSAtIFN5c3RlbSBBZ2VudABSZWZlcmVuY2UgQ29k
 ZSAtIE1SQwBTQSAtIFBDSWUgVmVyc2lvbgBTQS1DUklEIFN0YXR1cwBEaXNhYmxl
 ZABTQS1DUklEIE9yaWdpbmFsIFZhbHVlAFNBLUNSSUQgTmV3IFZhbHVlAE9QUk9N
 IC0gVkJJT1MASU8gTWFuYWdlYWJpbGl0eSBFbmdpbmUgRlcgVmVyc2lvbgBQSFkg
 QnVpbGQgVmVyc2lvbgBUaHVuZGVyYm9sdChUTSkgRlcgVmVyc2lvbgBTeXN0ZW0g
 QWdlbnQgTWFuYWdlYWJpbGl0eSBFbmdpbmUgRlcgVmVyc2lvbgAABxsYAAGAASAB
 IAEgACAAAAQECSABAAAgAQAATDEgQ2FjaGUAAAcbGQABgAHAAMAAIAAgAAAEAwfA
 AAAAwAAAAEwxIENhY2hlAAAHGxoAAYEBAB4AHiAAIAAABQUBAB4AAAAeAABMMiBD
 YWNoZQAABxsbAAGCAQBQAFAgACAAAAYFAQBQAAAAUAAATDMgQ2FjaGUAAAcbHAAB
 gAGAAIAAIAAgAAAEBAeAAAAAgAAAAEwxIENhY2hlAAAHGx0AAYABAAEAASAAIAAA
 BAMHAAEAAAABAABMMSBDYWNoZQAABxseAAGBAQAIAAggACAAAAUFCAAIAAAACAAA
 TDIgQ2FjaGUAAAcbHwABggEAUABQIAAgAAAGBQEAUAAAAFAAAEwzIENhY2hlAAAE
 MCAAAQPNAvIGCwD/++u/A4tkAPgR2w9BAR0AHgAfAAQFBgoKEPwAzQAKAAoAEABM
 R0ExNzAwAEludGVsKFIpIENvcnBvcmF0aW9uADEzdGggR2VuIEludGVsKFIpIENv
 cmUoVE0pIGk1LTEzNDAwAFRvIEJlIEZpbGxlZCBCeSBPLkUuTS4AVG8gQmUgRmls
 bGVkIEJ5IE8uRS5NLgBUbyBCZSBGaWxsZWQgQnkgTy5FLk0uAAA8pSEABn3rhcV8
 8lwiTuPzqs6cgzIUBSPMaAOrG5O1WTx7L7ygcHITm31hiNt7u2KWuSWYbFSRdIRo
 r6OZDJ9Y3cauVGKxSF446PCmnRdoMKcTjF33v5mMI5Lzc/lUMpB14NOcoAAAAAAA
 AAAAAAAAAAAAAAAAAAAAAAAAAAAAAAAAAAAAAAAAAAAAAAAAAAAAAAAAAAAAAAAA
 AAAAAAAAAAAAAAAAACkLIgABgwEAAAAQT25ib2FyZCBJR0QAACkLIwABAQH/////
 SW50ZWwgR05BIERldmljZQAAKQskAAGHAQAAAPtJbnRlbCBIRCBBdWRpbwAAKQsl
 AAGJAQAAALhTQVRBIENvbnRyb2xsZXIAACkLJgABgQIAAABwUkFJRCBDb250cm9s
 bGVyAAApCycAAYEDAAAAoFVTQiBDb250cm9sbGVyAAApCygAAYEEAAAA/FNNQnVz
 IENvbnRyb2xsZXIAACkLKQABBQH/////UlRMODEyNSAyLjVHYkUgQ29udHJvbGxl
 cgAAKDsqAAUJAAAAAQAAAAAJAAAAAgAAAAAJAAAAA+YHAAAJAAAABAEAAAAJAAAA
 BQAAAAAAAAAAAAAAAABQUk9EVUNUX0xJTkUAUFJPRFVDVF9TS1UAWUVBUgBGRUFU
 VVJFUwBNb3Jkb3IgMS4xMQAAIgsrAAEBlQIAAANOdXZvdG9uIE5DVDY3OThEAG50
 cm9wdGFsAAAKFCwAgwEBAocDiQSBBYEGgQcFCE9uYm9hcmQgSUdEAEludGVsIEdO
 QSBEZXZpY2UASW50ZWwgSEQgQXVkaW8AU0FUQSBDb250cm9sbGVyAFJBSUQgQ29u
 dHJvbGxlcgBVU0IgQ29udHJvbGxlcgBTTUJ1cyBDb250cm9sbGVyAFJUTDgxMjUg
 Mi41R2JFIENvbnRyb2xsZXIAAAkcLQABvQ0FBAAABAH/////AAAAAAAAAAAAAABQ
 Q0lFWDE2KEc0KQAACRwuAAG5CAUEAQAEAf////8AAAAAAAAAAAAAAFBDSUVYMShH
 NClfMQAACRwvAAG5CAUEAgAEAf////8AAAAAAAAAAAAAAFBDSUVYMShHNClfMgAA
 CRwwAAEXCgUDAwAEAf////8AAAAAAAAAAAAAAE0uMl8xAAAJHDEAARcKBAMEAAQB
 AAAA0AAAAAAAAAAAAAAATS4yXzIAAAgJMgABAAL/HE5vbmUAVkdBAAAICTMAAQAC
 /xxOb25lAEhETUkAAAgJNAABAAL//05vbmUAS0JNU19VU0JfNTYAAAgJNQABAAIS
 EE5vbmUAVTMyRzFfOTEwAAAICTYAAQAC//9Ob25lAExBTl9VMzJHMV8zNAAACAk3
 AAEAAh8dTm9uZQBBVURJTwAACAk4AAH/AgAdQUFGUABOb25lAAAICTkAAf8CAP9D
 T00ATm9uZQAACAk6AAH/AgD/Q09NX0RFQlVHAE5vbmUAAAgJOwAB/wIA/0NQVV9G
 QU4ATm9uZQAACAk8AAH/AgD/Q0hBX0ZBTgBOb25lAAAICT0AAf8CABBVMzJHMV8x
 MgBOb25lAAAICT4AAf8CAP9GX1BBTkVMAE5vbmUAAAgJPwAB/wIA/1NQRUFLRVIA
 Tm9uZQAACAlAAAH/AgD/U1BESUZfT1VUAE5vbmUAAAgJQQABIgIAIFNBVEE2R18x
 AE5vbmUAAAgJQgABIgIAIFNBVEE2R18yAE5vbmUAAAgJQwABIgIAIFNBVEE2R18z
 AE5vbmUAAAgJRAABIgIAIFNBVEE2R180AE5vbmUAAAgJRQAB/wIA/1JHQl9IRUFE
 RVIATm9uZQAACAlGAAH/AgD/QUREX0dFTjJfMQBOb25lAAAICUcAAf8CAP9BRERf
 R0VOMl8yAE5vbmUAAAgJSAAB/wIA/1RQTQBOb25lAAAICUkAAf8CABBVU0IxMTE0
 AE5vbmUAAAgJSgAB/wIAEFVTQjcATm9uZQAACAlLAAH/AgD/QVRYXzEyVgBOb25l
 AAAICUwAAf8CAP9BVFhfUFdSAE5vbmUAAAgJTQAB/wIA/0RJTU1fQQBOb25lAAAI
 CU4AAf8CAP9ESU1NX0IATm9uZQAAg0BPADEAAAAAAAAAAAAAAPgABnoAAAAAISAA
 AAEAEADkBxkAAAAAAP4A//8AAAAAAAAAACIAAAB2UHJvAAAAAAAA3WdQAA4BAP//
 ////AgD//////wME//////8FBv//////Bwj//////wkA//////8KAP//////CwD/
 /wAAAAwAABcAeRANAP//////DgAABwAAAA8AEwUALBYQAP//////EQD//////0xh
 biBQaHkgVmVyc2lvbgBTZW5zb3IgRmlybXdhcmUgVmVyc2lvbgBEZWJ1ZyBNb2Rl
 IFN0YXR1cwBEaXNhYmxlZABQZXJmb3JtYW5jZSBNb2RlIFN0YXR1cwBEaXNhYmxl
 ZABEZWJ1ZyBVc2UgVVNCKERpc2FibGVkOlNlcmlhbCkARGlzYWJsZWQASUNDIE92
 ZXJjbG9ja2luZyBWZXJzaW9uAFVOREkgVmVyc2lvbgBFQyBGVyBWZXJzaW9uAEdP
 UCBWZXJzaW9uAFJveWFsIFBhcmsgVmVyc2lvbgBQbGF0Zm9ybSBWZXJzaW9uAFJT
 VCBQcmVPUyBWZXJzaW9uAFRDU1MgUEQwIFZlcnNpb24AVENTUyBQRDEgVmVyc2lv
 bgAAhSxRAPm0lXhNkgpBljkSOGKyimMAhoAIFhIgJhKGgAEAAABhclcYAwAAAAAA
 AIgIUgAAAAAAAAANFlMACQAAAAAAAAAAAAAAAAAAAAABZW58VVN8aXNvODg1OS0x
 AGZyfEZSfGlzbzg4NTktMQB6aHxUV3x1bmljb2RlAHpofENOfHVuaWNvZGUAamF8
 SlB8dW5pY29kZQBkZXxERXxpc284ODU5LTEAZXN8RVN8aXNvODg1OS0xAHJ1fFJV
 fGlzbzg4NTktNQBrb3xLUnx1bmljb2RlAAAOCFQAAdsAACRNRUkAANtqVQABBAFF
 AgCQBgGFOSAAAAAAQAAAAAAAAAIAIEAC////////////////////////////////
 AwAAAIAAAAAAAAAAAAAAAAAAAAAAAAAAAAQAAAAAAAAAAAAAAAAAAAAAAAAAAAAA
 AABNRUkxAE1FSTIATUVJMwBNRUk0AACIBlYAAAAAAA4XVwAB3RMA3RQA3RUA3RYA
 3RcA3VAARmlybXdhcmUgVmVyc2lvbiBJbmZvAAB/BFgAAAA=

LpcIO

Chip ID: Unknown Winbond / Nuvoton / Fintek with ID 0xA3A3 at 0x4E/0x4F

Chip ID: Unknown ITE with ID 0xA3A3 at 0x4E/0x4F

Chip ID: Unknown SMSC with ID 0xA3A3 at 0x4E/0x4F

--------------------------------------------------------------------------------

LPC Nct677X

Chip Id: 0xD42B
Chip Revision: 0x2B
Base Address: 0x0290

Hardware Monitor Registers

        00 01 02 03 04 05 06 07 08 09 0A 0B 0C 0D 0E 0F

 0000   03 AD 03 59 00 FF FF FF FF FF FF FF FF FF FF FF
 0010   03 99 03 99 03 99 03 FF 40 FF FF FF FF FF FF FF
 0020   FF FF FF FF FF FF FF 27 03 FF FF DA 00 00 00 00
 0030   00 00 00 00 00 00 00 00 00 50 4B FF FF FF FF FF
 0040   03 0E 00 FF FF 00 3F FF 2D FF FF 10 08 55 00 A3
 0050   15 FF FF FF FF FF FF FF C1 FF FF FF FF 00 00 01
 0060   A0 00 FF FF FF 01 00 FF FF FF FF FF FF FF FF FF
 0070   00 0A 00 28 00 27 80 1A 80 1A 80 1A 80 1A 80 FF
 00F0   00 00 00 00 00 00 00 FF 1C 00 1F 1B FE FF FF FF
 0100   0B 00 40 00 00 01 01 3C 00 AD FF AD 00 FF FF FF
 0110   FF 19 23 2D 37 FF FF 8C AA C8 E6 32 00 01 01 00
 0120   FF 14 2D 3C 46 FF FF 99 B2 D8 FF FF FF FF FF FF
 0130   FF 00 FF FF 00 7D 01 FF 02 FF FF FF FF FF FF 00
 0140   FF FF FF FF FF 00 00 FF FF FF FF FF FF FF 01 FF
 0150   28 00 00 4B 00 50 00 FF FF FF FF FF FF FF FF FF
 0200   1C 32 40 00 00 01 01 3C 00 59 00 59 00 FF FF FF
 0210   FF 28 32 3C 46 FF FF 8C AA C8 E6 3C 00 02 02 00
 0220   FF 14 2D 41 46 FF FF 33 66 B2 FF FF FF FF FF FF
 0230   FF 00 FF FF 00 7D 01 FF 02 01 00 00 00 00 00 00
 0240   FF FF FF FF FF 00 00 FF FF FF FF FF FF FF 02 FF
 0250   FF FF FF FF FF FF FF FF FF FF FF FF FF FF FF FF
 0260   FF FF FF FF FF FF 00 00 00 59 FF FF FF FF FF FF
 0300   03 00 00 0A 0A 01 01 3C 00 99 FF 00 00 FF FF FF
 0320   FF 19 23 2D 37 FF FF 8C AA C8 E6 FF FF FF FF FF
 0330   FF 00 FF FF 00 64 01 FF 00 FF FF FF FF FF FF 00
 0340   FF FF FF FF FF 00 00 FF FF FF FF FF FF FF 03 FF
 0360   FF FF FF FF FF FF 11 00 00 99 FF FF FF FF FF FF
 0400   00 00 00 00 00 00 00 00 00 00 00 00 00 FF FF FF
 0410   FF FF FF FF FF FF FF FF FF 00 00 FF FF FF FF FF
 0420   FF FF FF 96 64 96 64 E1 96 00 FF FF FF FF FF FF
 0440   FF 10 00 00 FF 00 FF FF FF FF 00 00 00 00 04 FF
 0450   01 FB FF FF 00 00 00 FF FF 0E 13 31 09 00 FF FF
 0460   FF FF FF FF FF FF FF FF FF FF FF FF FF FF FF FF
 0480   71 7D D4 D0 7F 1A 7C D4 00 42 4B 68 85 7C 7F 60
 0490   27 28 1A 0F F5 19 52 2B 80 28 27 1A 1A 1A 5E 1A
 04B0   19 1D FF 1F FF 1F FF 1F FF 1F FF 1F 00 00 00 00
 04C0   06 5C 00 00 00 00 00 00 00 00 00 00 FF 1F 00 00
 04F0   25 80 00 00 27 00 02 00 50 00 51 00 00 00 00 FF
 0500   FF FF 00 FF FF FF 00 FF BF FF FF FF FF 00 00 FF
 0550   D4 00 00 FF 00 00 00 00 00 00 00 00 00 00 00 00
 0560   00 00 00 00 00 00 FF FF FF FF FF FF FF FF FF FF
 0600   00 00 00 00 00 00 00 FF FF FF FF FF FF FF FF FF
 0610   00 00 00 00 00 00 00 FF 1F FF FF FF FF FF FF FF
 0620   FF 01 02 00 00 FF FF FF FF FF FF FF FF FF FF 1F
 0630   19 1D FF 1F FF 1F FF 1F FF 1F FF 1F FF 1F FF 1F
 0640   FF 1F FF 1F 02 02 02 02 02 02 FF 1F FF 1F 06 02
 0650   7F 7F 7F 7F 00 00 06 5C 00 00 00 00 00 00 00 00
 0660   00 00 FF FF FF FF FF FF FF FF FF FF FF FF FF FF
 0670   1A 80 0F 80 F5 00 19 00 52 00 28 00 FF FF FF FF
 0700   FF 85 02 10 00 00 00 00 00 64 64 00 00 00 00 00
 0710   00 00 00 00 00 00 00 F0 68 F8 80 F8 80 F8 80 01
 0720   25 02 06 00 00 00 EF 83 00 EF 00 00 00 00 00 00
 0730   00 00 00 00 00 00 00 00 00 00 00 0E 0A 00 00 00
 0800   03 00 00 0A 0A 01 01 3C 00 99 FF 00 00 FF FF FF
 0820   FF 19 23 2D 37 FF FF 8C AA C8 E6 FF FF FF FF FF
 0830   FF 00 FF FF 00 64 01 FF 00 FF FF FF FF FF FF 00
 0840   FF FF FF FF FF FF FF FF FF FF FF FF FF FF 08 FF
 0900   03 00 00 0A 0A 01 01 3C 00 99 FF 00 00 FF FF FF
 0920   FF 19 23 2D 37 FF FF 8C AA C8 E6 FF FF FF FF FF
 0930   FF 00 FF FF 00 64 01 FF 00 FF FF FF FF FF FF 00
 0940   FF FF FF FF FF FF FF FF FF FF FF FF FF FF 09 FF
 0960   FF FF FF FF FF FF 11 00 00 99 FF FF FF FF FF FF
 0A00   03 00 00 0A 0A 01 01 3C 00 FF FF 00 00 FF FF FF
 0A10   FF 19 23 2D 37 FF FF 8C AA C8 E6 3C 00 03 03 00
 0A20   FF 19 23 2D 37 FF FF 8C AA C8 E6 FF FF FF FF FF
 0A30   FF 00 FF FF 00 64 01 FF 00 FF FF FF FF FF FF 00
 0A40   FF FF FF FF FF FF FF FF FF FF FF FF FF FF 0A FF
 0A50   FF FF FF FF FF FF FF FF FF FF FF FF FF FF FF FF
 0A60   FF FF FF FF FF FF 11 00 00 FF FF FF FF FF FF FF
 0A70   FF FF FF FF FF FF FF FF FF FF FF FF FF FF FF FF
 0B00   03 00 00 0A 0A 01 01 3C 00 FF FF 00 00 FF FF FF
 0B10   FF 19 23 2D 37 FF FF 8C AA C8 E6 3C 00 03 03 00
 0B20   FF 19 23 2D 37 FF FF 8C AA C8 E6 FF FF FF FF FF
 0B30   FF 00 FF FF 00 64 01 FF 00 FF FF FF FF FF FF 00
 0B50   FF FF FF FF FF FF FF FF FF FF FF FF FF FF FF FF
 0B60   FF FF FF FF FF FF 11 00 00 FF FF FF FF FF FF FF
 0B70   FF FF FF FF FF FF FF FF FF FF FF FF FF FF FF FF
 0C00   FF 10 00 00 3F 3F 3F 00 00 00 00 00 00 00 7F 7F
 0C10   7F 7F 7F 7F 7F 7F 7F 7F 7F 7F 50 50 50 50 50 50
 0C20   4B 4B 4B 4B 4B 4B 03 04 05 06 07 02 00 00 00 28
 0C30   00 00 00 00 00 00 00 00 00 00 00 00 00 00 0A 00
 0C50   FF FF FF FF FF FF FF FF FF FF FF FF FF FF FF FF
 0C60   FF FF FF FF FF FF FF FF FF FF FF FF FF FF FF FF
 0C70   FF FF FF FF FF FF FF FF FF FF FF FF FF FF FF FF
 0D00   FF FF FF FF FF FF FF FF FF FF FF FF FF FF FF FF
 0D10   FF FF FF FF FF FF FF FF FF FF FF FF FF FF FF FF
 0D20   FF FF FF FF FF FF FF FF FF FF FF FF FF FF FF FF
 0D30   FF FF FF FF FF FF FF FF FF FF FF FF FF FF FF FF
 0D50   FF FF FF FF FF FF FF FF FF FF FF FF FF FF FF FF
 0D60   FF FF FF FF FF FF FF FF FF FF FF FF FF FF FF FF
 0E00   FF FF FF FF FF FF FF FF FF FF FF FF FF FF FF FF
 0E10   FF FF FF FF FF FF FF FF FF FF FF FF FF FF FF FF
 0E20   FF FF FF FF FF FF FF FF FF FF FF FF FF FF FF FF
 0E30   FF FF FF FF FF FF FF FF FF FF FF FF FF FF FF FF
 0F00   FF FF FF FF FF FF FF FF FF FF FF FF FF FF FF FF
 0F10   FF FF FF FF FF FF FF FF FF FF FF FF FF FF FF FF
 0F20   FF FF FF FF FF FF FF FF FF FF FF FF FF FF FF FF
 0F30   FF FF FF FF FF FF FF FF FF FF FF FF FF FF FF FF
 8040   03 00 00 FF FF 00 3F FF 2D FF FF 10 08 55 80 5C
 80F0   00 00 00 00 00 00 00 FF 1C 00 1F 1B FE FF FF FF

--------------------------------------------------------------------------------

CPUID

Processor 0

Processor Vendor: Intel
Processor Brand: 13th Gen Intel(R) Core(TM) i5-13400
Family: 0x6
Model: 0xBF
Stepping: 0x2

CPUID Return Values

 CPU Group: 0
 CPU Thread: 0
 APIC ID: 0
 Processor ID: 0
 Core ID: 0
 Thread ID: 0

 Function  EAX       EBX       ECX       EDX
 00000000  00000020  756E6547  6C65746E  49656E69
 00000001  000B06F2  00800800  7FFAFBBF  BFEBFBFF
 00000002  00FEFF01  000000F0  00000000  00000000
 00000003  00000000  00000000  00000000  00000000
 00000004  FC004121  02C0003F  0000003F  00000000
 00000005  00000040  00000040  00000003  10102020
 00000006  00DF8FF7  00000002  00000409  00000003
 00000007  00000002  239C27EB  98C007AC  FC18C410
 00000008  00000000  00000000  00000000  00000000
 00000009  00000000  00000000  00000000  00000000
 0000000A  07300605  00000000  00000007  00008603
 0000000B  00000001  00000002  00000100  00000000
 0000000C  00000000  00000000  00000000  00000000
 0000000D  00000207  00000340  00000A88  00000000
 0000000E  00000000  00000000  00000000  00000000
 0000000F  00000000  00000000  00000000  00000000
 00000010  00000000  00000000  00000000  00000000
 00000011  00000000  00000000  00000000  00000000
 00000012  00000000  00000000  00000000  00000000
 00000013  00000000  00000000  00000000  00000000
 00000014  00000001  0000005F  00000007  00000000
 00000015  00000002  00000082  0249F000  00000000
 00000016  000009C4  000011F8  00000064  00000000
 00000017  00000000  00000000  00000000  00000000
 00000018  00000008  00000000  00000000  00000000
 00000019  00000007  00000014  00000003  00000000
 0000001A  40000001  00000000  00000000  00000000
 0000001B  00000000  00000000  00000000  00000000
 0000001C  4000000B  00000007  00000007  00000000
 0000001D  00000000  00000000  00000000  00000000
 0000001E  00000000  00000000  00000000  00000000
 0000001F  00000001  00000002  00000100  00000000
 00000020  00000000  00000001  00000000  00000000
 80000000  80000008  00000000  00000000  00000000
 80000001  00000000  00000000  00000121  2C100800
 80000002  68743331  6E654720  746E4920  52286C65
 80000003  6F432029  54286572  6920294D  33312D35
 80000004  00303034  00000000  00000000  00000000
 80000005  00000000  00000000  00000000  00000000
 80000006  00000000  00000000  05007040  00000000
 80000007  00000000  00000000  00000000  00000100
 80000008  00003027  00000000  00000000  00000000

 CPU Group: 0
 CPU Thread: 1
 APIC ID: 1
 Processor ID: 0
 Core ID: 0
 Thread ID: 1

 Function  EAX       EBX       ECX       EDX
 00000000  00000020  756E6547  6C65746E  49656E69
 00000001  000B06F2  01800800  7FFAFBBF  BFEBFBFF
 00000002  00FEFF01  000000F0  00000000  00000000
 00000003  00000000  00000000  00000000  00000000
 00000004  FC004121  02C0003F  0000003F  00000000
 00000005  00000040  00000040  00000003  10102020
 00000006  00DF8FF7  00000002  00000409  00000003
 00000007  00000002  239C27EB  98C007AC  FC18C410
 00000008  00000000  00000000  00000000  00000000
 00000009  00000000  00000000  00000000  00000000
 0000000A  07300605  00000000  00000007  00008603
 0000000B  00000001  00000002  00000100  00000001
 0000000C  00000000  00000000  00000000  00000000
 0000000D  00000207  00000340  00000A88  00000000
 0000000E  00000000  00000000  00000000  00000000
 0000000F  00000000  00000000  00000000  00000000
 00000010  00000000  00000000  00000000  00000000
 00000011  00000000  00000000  00000000  00000000
 00000012  00000000  00000000  00000000  00000000
 00000013  00000000  00000000  00000000  00000000
 00000014  00000001  0000005F  00000007  00000000
 00000015  00000002  00000082  0249F000  00000000
 00000016  000009C4  000011F8  00000064  00000000
 00000017  00000000  00000000  00000000  00000000
 00000018  00000008  00000000  00000000  00000000
 00000019  00000007  00000014  00000003  00000000
 0000001A  40000001  00000000  00000000  00000000
 0000001B  00000000  00000000  00000000  00000000
 0000001C  4000000B  00000007  00000007  00000000
 0000001D  00000000  00000000  00000000  00000000
 0000001E  00000000  00000000  00000000  00000000
 0000001F  00000001  00000002  00000100  00000001
 00000020  00000000  00000001  00000000  00000000
 80000000  80000008  00000000  00000000  00000000
 80000001  00000000  00000000  00000121  2C100800
 80000002  68743331  6E654720  746E4920  52286C65
 80000003  6F432029  54286572  6920294D  33312D35
 80000004  00303034  00000000  00000000  00000000
 80000005  00000000  00000000  00000000  00000000
 80000006  00000000  00000000  05007040  00000000
 80000007  00000000  00000000  00000000  00000100
 80000008  00003027  00000000  00000000  00000000

 CPU Group: 0
 CPU Thread: 2
 APIC ID: 8
 Processor ID: 0
 Core ID: 4
 Thread ID: 0

 Function  EAX       EBX       ECX       EDX
 00000000  00000020  756E6547  6C65746E  49656E69
 00000001  000B06F2  08800800  7FFAFBBF  BFEBFBFF
 00000002  00FEFF01  000000F0  00000000  00000000
 00000003  00000000  00000000  00000000  00000000
 00000004  FC004121  02C0003F  0000003F  00000000
 00000005  00000040  00000040  00000003  10102020
 00000006  00DF8FF7  00000002  00000409  00010003
 00000007  00000002  239C27EB  98C007AC  FC18C410
 00000008  00000000  00000000  00000000  00000000
 00000009  00000000  00000000  00000000  00000000
 0000000A  07300605  00000000  00000007  00008603
 0000000B  00000001  00000002  00000100  00000008
 0000000C  00000000  00000000  00000000  00000000
 0000000D  00000207  00000340  00000A88  00000000
 0000000E  00000000  00000000  00000000  00000000
 0000000F  00000000  00000000  00000000  00000000
 00000010  00000000  00000000  00000000  00000000
 00000011  00000000  00000000  00000000  00000000
 00000012  00000000  00000000  00000000  00000000
 00000013  00000000  00000000  00000000  00000000
 00000014  00000001  0000005F  00000007  00000000
 00000015  00000002  00000082  0249F000  00000000
 00000016  000009C4  000011F8  00000064  00000000
 00000017  00000000  00000000  00000000  00000000
 00000018  00000008  00000000  00000000  00000000
 00000019  00000007  00000014  00000003  00000000
 0000001A  40000001  00000000  00000000  00000000
 0000001B  00000000  00000000  00000000  00000000
 0000001C  4000000B  00000007  00000007  00000000
 0000001D  00000000  00000000  00000000  00000000
 0000001E  00000000  00000000  00000000  00000000
 0000001F  00000001  00000002  00000100  00000008
 00000020  00000000  00000001  00000000  00000000
 80000000  80000008  00000000  00000000  00000000
 80000001  00000000  00000000  00000121  2C100800
 80000002  68743331  6E654720  746E4920  52286C65
 80000003  6F432029  54286572  6920294D  33312D35
 80000004  00303034  00000000  00000000  00000000
 80000005  00000000  00000000  00000000  00000000
 80000006  00000000  00000000  05007040  00000000
 80000007  00000000  00000000  00000000  00000100
 80000008  00003027  00000000  00000000  00000000

 CPU Group: 0
 CPU Thread: 3
 APIC ID: 9
 Processor ID: 0
 Core ID: 4
 Thread ID: 1

 Function  EAX       EBX       ECX       EDX
 00000000  00000020  756E6547  6C65746E  49656E69
 00000001  000B06F2  09800800  7FFAFBBF  BFEBFBFF
 00000002  00FEFF01  000000F0  00000000  00000000
 00000003  00000000  00000000  00000000  00000000
 00000004  FC004121  02C0003F  0000003F  00000000
 00000005  00000040  00000040  00000003  10102020
 00000006  00DF8FF7  00000002  00000409  00010003
 00000007  00000002  239C27EB  98C007AC  FC18C410
 00000008  00000000  00000000  00000000  00000000
 00000009  00000000  00000000  00000000  00000000
 0000000A  07300605  00000000  00000007  00008603
 0000000B  00000001  00000002  00000100  00000009
 0000000C  00000000  00000000  00000000  00000000
 0000000D  00000207  00000340  00000A88  00000000
 0000000E  00000000  00000000  00000000  00000000
 0000000F  00000000  00000000  00000000  00000000
 00000010  00000000  00000000  00000000  00000000
 00000011  00000000  00000000  00000000  00000000
 00000012  00000000  00000000  00000000  00000000
 00000013  00000000  00000000  00000000  00000000
 00000014  00000001  0000005F  00000007  00000000
 00000015  00000002  00000082  0249F000  00000000
 00000016  000009C4  000011F8  00000064  00000000
 00000017  00000000  00000000  00000000  00000000
 00000018  00000008  00000000  00000000  00000000
 00000019  00000007  00000014  00000003  00000000
 0000001A  40000001  00000000  00000000  00000000
 0000001B  00000000  00000000  00000000  00000000
 0000001C  4000000B  00000007  00000007  00000000
 0000001D  00000000  00000000  00000000  00000000
 0000001E  00000000  00000000  00000000  00000000
 0000001F  00000001  00000002  00000100  00000009
 00000020  00000000  00000001  00000000  00000000
 80000000  80000008  00000000  00000000  00000000
 80000001  00000000  00000000  00000121  2C100800
 80000002  68743331  6E654720  746E4920  52286C65
 80000003  6F432029  54286572  6920294D  33312D35
 80000004  00303034  00000000  00000000  00000000
 80000005  00000000  00000000  00000000  00000000
 80000006  00000000  00000000  05007040  00000000
 80000007  00000000  00000000  00000000  00000100
 80000008  00003027  00000000  00000000  00000000

 CPU Group: 0
 CPU Thread: 4
 APIC ID: 16
 Processor ID: 0
 Core ID: 8
 Thread ID: 0

 Function  EAX       EBX       ECX       EDX
 00000000  00000020  756E6547  6C65746E  49656E69
 00000001  000B06F2  10800800  7FFAFBBF  BFEBFBFF
 00000002  00FEFF01  000000F0  00000000  00000000
 00000003  00000000  00000000  00000000  00000000
 00000004  FC004121  02C0003F  0000003F  00000000
 00000005  00000040  00000040  00000003  10102020
 00000006  00DF8FF7  00000002  00000409  00020003
 00000007  00000002  239C27EB  98C007AC  FC18C410
 00000008  00000000  00000000  00000000  00000000
 00000009  00000000  00000000  00000000  00000000
 0000000A  07300605  00000000  00000007  00008603
 0000000B  00000001  00000002  00000100  00000010
 0000000C  00000000  00000000  00000000  00000000
 0000000D  00000207  00000340  00000A88  00000000
 0000000E  00000000  00000000  00000000  00000000
 0000000F  00000000  00000000  00000000  00000000
 00000010  00000000  00000000  00000000  00000000
 00000011  00000000  00000000  00000000  00000000
 00000012  00000000  00000000  00000000  00000000
 00000013  00000000  00000000  00000000  00000000
 00000014  00000001  0000005F  00000007  00000000
 00000015  00000002  00000082  0249F000  00000000
 00000016  000009C4  000011F8  00000064  00000000
 00000017  00000000  00000000  00000000  00000000
 00000018  00000008  00000000  00000000  00000000
 00000019  00000007  00000014  00000003  00000000
 0000001A  40000001  00000000  00000000  00000000
 0000001B  00000000  00000000  00000000  00000000
 0000001C  4000000B  00000007  00000007  00000000
 0000001D  00000000  00000000  00000000  00000000
 0000001E  00000000  00000000  00000000  00000000
 0000001F  00000001  00000002  00000100  00000010
 00000020  00000000  00000001  00000000  00000000
 80000000  80000008  00000000  00000000  00000000
 80000001  00000000  00000000  00000121  2C100800
 80000002  68743331  6E654720  746E4920  52286C65
 80000003  6F432029  54286572  6920294D  33312D35
 80000004  00303034  00000000  00000000  00000000
 80000005  00000000  00000000  00000000  00000000
 80000006  00000000  00000000  05007040  00000000
 80000007  00000000  00000000  00000000  00000100
 80000008  00003027  00000000  00000000  00000000

 CPU Group: 0
 CPU Thread: 5
 APIC ID: 17
 Processor ID: 0
 Core ID: 8
 Thread ID: 1

 Function  EAX       EBX       ECX       EDX
 00000000  00000020  756E6547  6C65746E  49656E69
 00000001  000B06F2  11800800  7FFAFBBF  BFEBFBFF
 00000002  00FEFF01  000000F0  00000000  00000000
 00000003  00000000  00000000  00000000  00000000
 00000004  FC004121  02C0003F  0000003F  00000000
 00000005  00000040  00000040  00000003  10102020
 00000006  00DF8FF7  00000002  00000409  00020003
 00000007  00000002  239C27EB  98C007AC  FC18C410
 00000008  00000000  00000000  00000000  00000000
 00000009  00000000  00000000  00000000  00000000
 0000000A  07300605  00000000  00000007  00008603
 0000000B  00000001  00000002  00000100  00000011
 0000000C  00000000  00000000  00000000  00000000
 0000000D  00000207  00000340  00000A88  00000000
 0000000E  00000000  00000000  00000000  00000000
 0000000F  00000000  00000000  00000000  00000000
 00000010  00000000  00000000  00000000  00000000
 00000011  00000000  00000000  00000000  00000000
 00000012  00000000  00000000  00000000  00000000
 00000013  00000000  00000000  00000000  00000000
 00000014  00000001  0000005F  00000007  00000000
 00000015  00000002  00000082  0249F000  00000000
 00000016  000009C4  000011F8  00000064  00000000
 00000017  00000000  00000000  00000000  00000000
 00000018  00000008  00000000  00000000  00000000
 00000019  00000007  00000014  00000003  00000000
 0000001A  40000001  00000000  00000000  00000000
 0000001B  00000000  00000000  00000000  00000000
 0000001C  4000000B  00000007  00000007  00000000
 0000001D  00000000  00000000  00000000  00000000
 0000001E  00000000  00000000  00000000  00000000
 0000001F  00000001  00000002  00000100  00000011
 00000020  00000000  00000001  00000000  00000000
 80000000  80000008  00000000  00000000  00000000
 80000001  00000000  00000000  00000121  2C100800
 80000002  68743331  6E654720  746E4920  52286C65
 80000003  6F432029  54286572  6920294D  33312D35
 80000004  00303034  00000000  00000000  00000000
 80000005  00000000  00000000  00000000  00000000
 80000006  00000000  00000000  05007040  00000000
 80000007  00000000  00000000  00000000  00000100
 80000008  00003027  00000000  00000000  00000000

 CPU Group: 0
 CPU Thread: 6
 APIC ID: 24
 Processor ID: 0
 Core ID: 12
 Thread ID: 0

 Function  EAX       EBX       ECX       EDX
 00000000  00000020  756E6547  6C65746E  49656E69
 00000001  000B06F2  18800800  7FFAFBBF  BFEBFBFF
 00000002  00FEFF01  000000F0  00000000  00000000
 00000003  00000000  00000000  00000000  00000000
 00000004  FC004121  02C0003F  0000003F  00000000
 00000005  00000040  00000040  00000003  10102020
 00000006  00DF8FF7  00000002  00000409  00030003
 00000007  00000002  239C27EB  98C007AC  FC18C410
 00000008  00000000  00000000  00000000  00000000
 00000009  00000000  00000000  00000000  00000000
 0000000A  07300605  00000000  00000007  00008603
 0000000B  00000001  00000002  00000100  00000018
 0000000C  00000000  00000000  00000000  00000000
 0000000D  00000207  00000340  00000A88  00000000
 0000000E  00000000  00000000  00000000  00000000
 0000000F  00000000  00000000  00000000  00000000
 00000010  00000000  00000000  00000000  00000000
 00000011  00000000  00000000  00000000  00000000
 00000012  00000000  00000000  00000000  00000000
 00000013  00000000  00000000  00000000  00000000
 00000014  00000001  0000005F  00000007  00000000
 00000015  00000002  00000082  0249F000  00000000
 00000016  000009C4  000011F8  00000064  00000000
 00000017  00000000  00000000  00000000  00000000
 00000018  00000008  00000000  00000000  00000000
 00000019  00000007  00000014  00000003  00000000
 0000001A  40000001  00000000  00000000  00000000
 0000001B  00000000  00000000  00000000  00000000
 0000001C  4000000B  00000007  00000007  00000000
 0000001D  00000000  00000000  00000000  00000000
 0000001E  00000000  00000000  00000000  00000000
 0000001F  00000001  00000002  00000100  00000018
 00000020  00000000  00000001  00000000  00000000
 80000000  80000008  00000000  00000000  00000000
 80000001  00000000  00000000  00000121  2C100800
 80000002  68743331  6E654720  746E4920  52286C65
 80000003  6F432029  54286572  6920294D  33312D35
 80000004  00303034  00000000  00000000  00000000
 80000005  00000000  00000000  00000000  00000000
 80000006  00000000  00000000  05007040  00000000
 80000007  00000000  00000000  00000000  00000100
 80000008  00003027  00000000  00000000  00000000

 CPU Group: 0
 CPU Thread: 7
 APIC ID: 25
 Processor ID: 0
 Core ID: 12
 Thread ID: 1

 Function  EAX       EBX       ECX       EDX
 00000000  00000020  756E6547  6C65746E  49656E69
 00000001  000B06F2  19800800  7FFAFBBF  BFEBFBFF
 00000002  00FEFF01  000000F0  00000000  00000000
 00000003  00000000  00000000  00000000  00000000
 00000004  FC004121  02C0003F  0000003F  00000000
 00000005  00000040  00000040  00000003  10102020
 00000006  00DF8FF7  00000002  00000409  00030003
 00000007  00000002  239C27EB  98C007AC  FC18C410
 00000008  00000000  00000000  00000000  00000000
 00000009  00000000  00000000  00000000  00000000
 0000000A  07300605  00000000  00000007  00008603
 0000000B  00000001  00000002  00000100  00000019
 0000000C  00000000  00000000  00000000  00000000
 0000000D  00000207  00000340  00000A88  00000000
 0000000E  00000000  00000000  00000000  00000000
 0000000F  00000000  00000000  00000000  00000000
 00000010  00000000  00000000  00000000  00000000
 00000011  00000000  00000000  00000000  00000000
 00000012  00000000  00000000  00000000  00000000
 00000013  00000000  00000000  00000000  00000000
 00000014  00000001  0000005F  00000007  00000000
 00000015  00000002  00000082  0249F000  00000000
 00000016  000009C4  000011F8  00000064  00000000
 00000017  00000000  00000000  00000000  00000000
 00000018  00000008  00000000  00000000  00000000
 00000019  00000007  00000014  00000003  00000000
 0000001A  40000001  00000000  00000000  00000000
 0000001B  00000000  00000000  00000000  00000000
 0000001C  4000000B  00000007  00000007  00000000
 0000001D  00000000  00000000  00000000  00000000
 0000001E  00000000  00000000  00000000  00000000
 0000001F  00000001  00000002  00000100  00000019
 00000020  00000000  00000001  00000000  00000000
 80000000  80000008  00000000  00000000  00000000
 80000001  00000000  00000000  00000121  2C100800
 80000002  68743331  6E654720  746E4920  52286C65
 80000003  6F432029  54286572  6920294D  33312D35
 80000004  00303034  00000000  00000000  00000000
 80000005  00000000  00000000  00000000  00000000
 80000006  00000000  00000000  05007040  00000000
 80000007  00000000  00000000  00000000  00000100
 80000008  00003027  00000000  00000000  00000000

 CPU Group: 0
 CPU Thread: 8
 APIC ID: 32
 Processor ID: 0
 Core ID: 16
 Thread ID: 0

 Function  EAX       EBX       ECX       EDX
 00000000  00000020  756E6547  6C65746E  49656E69
 00000001  000B06F2  20800800  7FFAFBBF  BFEBFBFF
 00000002  00FEFF01  000000F0  00000000  00000000
 00000003  00000000  00000000  00000000  00000000
 00000004  FC004121  02C0003F  0000003F  00000000
 00000005  00000040  00000040  00000003  10102020
 00000006  00DF8FF7  00000002  00000409  00040003
 00000007  00000002  239C27EB  98C007AC  FC18C410
 00000008  00000000  00000000  00000000  00000000
 00000009  00000000  00000000  00000000  00000000
 0000000A  07300605  00000000  00000007  00008603
 0000000B  00000001  00000002  00000100  00000020
 0000000C  00000000  00000000  00000000  00000000
 0000000D  00000207  00000340  00000A88  00000000
 0000000E  00000000  00000000  00000000  00000000
 0000000F  00000000  00000000  00000000  00000000
 00000010  00000000  00000000  00000000  00000000
 00000011  00000000  00000000  00000000  00000000
 00000012  00000000  00000000  00000000  00000000
 00000013  00000000  00000000  00000000  00000000
 00000014  00000001  0000005F  00000007  00000000
 00000015  00000002  00000082  0249F000  00000000
 00000016  000009C4  000011F8  00000064  00000000
 00000017  00000000  00000000  00000000  00000000
 00000018  00000008  00000000  00000000  00000000
 00000019  00000007  00000014  00000003  00000000
 0000001A  40000001  00000000  00000000  00000000
 0000001B  00000000  00000000  00000000  00000000
 0000001C  4000000B  00000007  00000007  00000000
 0000001D  00000000  00000000  00000000  00000000
 0000001E  00000000  00000000  00000000  00000000
 0000001F  00000001  00000002  00000100  00000020
 00000020  00000000  00000001  00000000  00000000
 80000000  80000008  00000000  00000000  00000000
 80000001  00000000  00000000  00000121  2C100800
 80000002  68743331  6E654720  746E4920  52286C65
 80000003  6F432029  54286572  6920294D  33312D35
 80000004  00303034  00000000  00000000  00000000
 80000005  00000000  00000000  00000000  00000000
 80000006  00000000  00000000  05007040  00000000
 80000007  00000000  00000000  00000000  00000100
 80000008  00003027  00000000  00000000  00000000

 CPU Group: 0
 CPU Thread: 9
 APIC ID: 33
 Processor ID: 0
 Core ID: 16
 Thread ID: 1

 Function  EAX       EBX       ECX       EDX
 00000000  00000020  756E6547  6C65746E  49656E69
 00000001  000B06F2  21800800  7FFAFBBF  BFEBFBFF
 00000002  00FEFF01  000000F0  00000000  00000000
 00000003  00000000  00000000  00000000  00000000
 00000004  FC004121  02C0003F  0000003F  00000000
 00000005  00000040  00000040  00000003  10102020
 00000006  00DF8FF7  00000002  00000409  00040003
 00000007  00000002  239C27EB  98C007AC  FC18C410
 00000008  00000000  00000000  00000000  00000000
 00000009  00000000  00000000  00000000  00000000
 0000000A  07300605  00000000  00000007  00008603
 0000000B  00000001  00000002  00000100  00000021
 0000000C  00000000  00000000  00000000  00000000
 0000000D  00000207  00000340  00000A88  00000000
 0000000E  00000000  00000000  00000000  00000000
 0000000F  00000000  00000000  00000000  00000000
 00000010  00000000  00000000  00000000  00000000
 00000011  00000000  00000000  00000000  00000000
 00000012  00000000  00000000  00000000  00000000
 00000013  00000000  00000000  00000000  00000000
 00000014  00000001  0000005F  00000007  00000000
 00000015  00000002  00000082  0249F000  00000000
 00000016  000009C4  000011F8  00000064  00000000
 00000017  00000000  00000000  00000000  00000000
 00000018  00000008  00000000  00000000  00000000
 00000019  00000007  00000014  00000003  00000000
 0000001A  40000001  00000000  00000000  00000000
 0000001B  00000000  00000000  00000000  00000000
 0000001C  4000000B  00000007  00000007  00000000
 0000001D  00000000  00000000  00000000  00000000
 0000001E  00000000  00000000  00000000  00000000
 0000001F  00000001  00000002  00000100  00000021
 00000020  00000000  00000001  00000000  00000000
 80000000  80000008  00000000  00000000  00000000
 80000001  00000000  00000000  00000121  2C100800
 80000002  68743331  6E654720  746E4920  52286C65
 80000003  6F432029  54286572  6920294D  33312D35
 80000004  00303034  00000000  00000000  00000000
 80000005  00000000  00000000  00000000  00000000
 80000006  00000000  00000000  05007040  00000000
 80000007  00000000  00000000  00000000  00000100
 80000008  00003027  00000000  00000000  00000000

 CPU Group: 0
 CPU Thread: 10
 APIC ID: 40
 Processor ID: 0
 Core ID: 20
 Thread ID: 0

 Function  EAX       EBX       ECX       EDX
 00000000  00000020  756E6547  6C65746E  49656E69
 00000001  000B06F2  28800800  7FFAFBBF  BFEBFBFF
 00000002  00FEFF01  000000F0  00000000  00000000
 00000003  00000000  00000000  00000000  00000000
 00000004  FC004121  02C0003F  0000003F  00000000
 00000005  00000040  00000040  00000003  10102020
 00000006  00DF8FF7  00000002  00000409  00050003
 00000007  00000002  239C27EB  98C007AC  FC18C410
 00000008  00000000  00000000  00000000  00000000
 00000009  00000000  00000000  00000000  00000000
 0000000A  07300605  00000000  00000007  00008603
 0000000B  00000001  00000002  00000100  00000028
 0000000C  00000000  00000000  00000000  00000000
 0000000D  00000207  00000340  00000A88  00000000
 0000000E  00000000  00000000  00000000  00000000
 0000000F  00000000  00000000  00000000  00000000
 00000010  00000000  00000000  00000000  00000000
 00000011  00000000  00000000  00000000  00000000
 00000012  00000000  00000000  00000000  00000000
 00000013  00000000  00000000  00000000  00000000
 00000014  00000001  0000005F  00000007  00000000
 00000015  00000002  00000082  0249F000  00000000
 00000016  000009C4  000011F8  00000064  00000000
 00000017  00000000  00000000  00000000  00000000
 00000018  00000008  00000000  00000000  00000000
 00000019  00000007  00000014  00000003  00000000
 0000001A  40000001  00000000  00000000  00000000
 0000001B  00000000  00000000  00000000  00000000
 0000001C  4000000B  00000007  00000007  00000000
 0000001D  00000000  00000000  00000000  00000000
 0000001E  00000000  00000000  00000000  00000000
 0000001F  00000001  00000002  00000100  00000028
 00000020  00000000  00000001  00000000  00000000
 80000000  80000008  00000000  00000000  00000000
 80000001  00000000  00000000  00000121  2C100800
 80000002  68743331  6E654720  746E4920  52286C65
 80000003  6F432029  54286572  6920294D  33312D35
 80000004  00303034  00000000  00000000  00000000
 80000005  00000000  00000000  00000000  00000000
 80000006  00000000  00000000  05007040  00000000
 80000007  00000000  00000000  00000000  00000100
 80000008  00003027  00000000  00000000  00000000

 CPU Group: 0
 CPU Thread: 11
 APIC ID: 41
 Processor ID: 0
 Core ID: 20
 Thread ID: 1

 Function  EAX       EBX       ECX       EDX
 00000000  00000020  756E6547  6C65746E  49656E69
 00000001  000B06F2  29800800  7FFAFBBF  BFEBFBFF
 00000002  00FEFF01  000000F0  00000000  00000000
 00000003  00000000  00000000  00000000  00000000
 00000004  FC004121  02C0003F  0000003F  00000000
 00000005  00000040  00000040  00000003  10102020
 00000006  00DF8FF7  00000002  00000409  00050003
 00000007  00000002  239C27EB  98C007AC  FC18C410
 00000008  00000000  00000000  00000000  00000000
 00000009  00000000  00000000  00000000  00000000
 0000000A  07300605  00000000  00000007  00008603
 0000000B  00000001  00000002  00000100  00000029
 0000000C  00000000  00000000  00000000  00000000
 0000000D  00000207  00000340  00000A88  00000000
 0000000E  00000000  00000000  00000000  00000000
 0000000F  00000000  00000000  00000000  00000000
 00000010  00000000  00000000  00000000  00000000
 00000011  00000000  00000000  00000000  00000000
 00000012  00000000  00000000  00000000  00000000
 00000013  00000000  00000000  00000000  00000000
 00000014  00000001  0000005F  00000007  00000000
 00000015  00000002  00000082  0249F000  00000000
 00000016  000009C4  000011F8  00000064  00000000
 00000017  00000000  00000000  00000000  00000000
 00000018  00000008  00000000  00000000  00000000
 00000019  00000007  00000014  00000003  00000000
 0000001A  40000001  00000000  00000000  00000000
 0000001B  00000000  00000000  00000000  00000000
 0000001C  4000000B  00000007  00000007  00000000
 0000001D  00000000  00000000  00000000  00000000
 0000001E  00000000  00000000  00000000  00000000
 0000001F  00000001  00000002  00000100  00000029
 00000020  00000000  00000001  00000000  00000000
 80000000  80000008  00000000  00000000  00000000
 80000001  00000000  00000000  00000121  2C100800
 80000002  68743331  6E654720  746E4920  52286C65
 80000003  6F432029  54286572  6920294D  33312D35
 80000004  00303034  00000000  00000000  00000000
 80000005  00000000  00000000  00000000  00000000
 80000006  00000000  00000000  05007040  00000000
 80000007  00000000  00000000  00000000  00000100
 80000008  00003027  00000000  00000000  00000000

 CPU Group: 0
 CPU Thread: 12
 APIC ID: 56
 Processor ID: 0
 Core ID: 28
 Thread ID: 0

 Function  EAX       EBX       ECX       EDX
 00000000  00000020  756E6547  6C65746E  49656E69
 00000001  000B06F2  38800800  7FFAFBBF  BFEBFBFF
 00000002  00FEFF01  00000000  00000000  00000000
 00000003  00000000  00000000  00000000  00000000
 00000004  FC004121  01C0003F  0000003F  00000000
 00000005  00000040  00000040  00000003  10102020
 00000006  00DF8FF7  00000002  00000409  00070003
 00000007  00000002  239C27EB  98C007AC  FC18C410
 00000008  00000000  00000000  00000000  00000000
 00000009  00000000  00000000  00000000  00000000
 0000000A  07300605  00000000  00000007  00008603
 0000000B  00000001  00000001  00000100  00000038
 0000000C  00000000  00000000  00000000  00000000
 0000000D  00000207  00000340  00000A88  00000000
 0000000E  00000000  00000000  00000000  00000000
 0000000F  00000000  00000000  00000000  00000000
 00000010  00000000  00000000  00000000  00000000
 00000011  00000000  00000000  00000000  00000000
 00000012  00000000  00000000  00000000  00000000
 00000013  00000000  00000000  00000000  00000000
 00000014  00000001  0000005F  80000007  00000000
 00000015  00000002  00000082  0249F000  00000000
 00000016  000009C4  00000CE4  00000064  00000000
 00000017  00000000  00000000  00000000  00000000
 00000018  00000004  00000000  00000000  00000000
 00000019  00000007  00000014  00000003  00000000
 0000001A  20000001  00000000  00000000  00000000
 0000001B  00000000  00000000  00000000  00000000
 0000001C  C000000B  00000007  00000007  00000000
 0000001D  00000000  00000000  00000000  00000000
 0000001E  00000000  00000000  00000000  00000000
 0000001F  00000001  00000001  00000100  00000038
 00000020  00000000  00000001  00000000  00000000
 80000000  80000008  00000000  00000000  00000000
 80000001  00000000  00000000  00000121  2C100800
 80000002  68743331  6E654720  746E4920  52286C65
 80000003  6F432029  54286572  6920294D  33312D35
 80000004  00303034  00000000  00000000  00000000
 80000005  00000000  00000000  00000000  00000000
 80000006  00000000  00000000  08008040  00000000
 80000007  00000000  00000000  00000000  00000100
 80000008  00003027  00000000  00000000  00000000

 CPU Group: 0
 CPU Thread: 13
 APIC ID: 58
 Processor ID: 0
 Core ID: 29
 Thread ID: 0

 Function  EAX       EBX       ECX       EDX
 00000000  00000020  756E6547  6C65746E  49656E69
 00000001  000B06F2  3A800800  7FFAFBBF  BFEBFBFF
 00000002  00FEFF01  00000000  00000000  00000000
 00000003  00000000  00000000  00000000  00000000
 00000004  FC004121  01C0003F  0000003F  00000000
 00000005  00000040  00000040  00000003  10102020
 00000006  00DF8FF7  00000002  00000409  00070003
 00000007  00000002  239C27EB  98C007AC  FC18C410
 00000008  00000000  00000000  00000000  00000000
 00000009  00000000  00000000  00000000  00000000
 0000000A  07300605  00000000  00000007  00008603
 0000000B  00000001  00000001  00000100  0000003A
 0000000C  00000000  00000000  00000000  00000000
 0000000D  00000207  00000340  00000A88  00000000
 0000000E  00000000  00000000  00000000  00000000
 0000000F  00000000  00000000  00000000  00000000
 00000010  00000000  00000000  00000000  00000000
 00000011  00000000  00000000  00000000  00000000
 00000012  00000000  00000000  00000000  00000000
 00000013  00000000  00000000  00000000  00000000
 00000014  00000001  0000005F  80000007  00000000
 00000015  00000002  00000082  0249F000  00000000
 00000016  000009C4  00000CE4  00000064  00000000
 00000017  00000000  00000000  00000000  00000000
 00000018  00000004  00000000  00000000  00000000
 00000019  00000007  00000014  00000003  00000000
 0000001A  20000001  00000000  00000000  00000000
 0000001B  00000000  00000000  00000000  00000000
 0000001C  C000000B  00000007  00000007  00000000
 0000001D  00000000  00000000  00000000  00000000
 0000001E  00000000  00000000  00000000  00000000
 0000001F  00000001  00000001  00000100  0000003A
 00000020  00000000  00000001  00000000  00000000
 80000000  80000008  00000000  00000000  00000000
 80000001  00000000  00000000  00000121  2C100800
 80000002  68743331  6E654720  746E4920  52286C65
 80000003  6F432029  54286572  6920294D  33312D35
 80000004  00303034  00000000  00000000  00000000
 80000005  00000000  00000000  00000000  00000000
 80000006  00000000  00000000  08008040  00000000
 80000007  00000000  00000000  00000000  00000100
 80000008  00003027  00000000  00000000  00000000

 CPU Group: 0
 CPU Thread: 14
 APIC ID: 60
 Processor ID: 0
 Core ID: 30
 Thread ID: 0

 Function  EAX       EBX       ECX       EDX
 00000000  00000020  756E6547  6C65746E  49656E69
 00000001  000B06F2  3C800800  7FFAFBBF  BFEBFBFF
 00000002  00FEFF01  00000000  00000000  00000000
 00000003  00000000  00000000  00000000  00000000
 00000004  FC004121  01C0003F  0000003F  00000000
 00000005  00000040  00000040  00000003  10102020
 00000006  00DF8FF7  00000002  00000409  00070003
 00000007  00000002  239C27EB  98C007AC  FC18C410
 00000008  00000000  00000000  00000000  00000000
 00000009  00000000  00000000  00000000  00000000
 0000000A  07300605  00000000  00000007  00008603
 0000000B  00000001  00000001  00000100  0000003C
 0000000C  00000000  00000000  00000000  00000000
 0000000D  00000207  00000340  00000A88  00000000
 0000000E  00000000  00000000  00000000  00000000
 0000000F  00000000  00000000  00000000  00000000
 00000010  00000000  00000000  00000000  00000000
 00000011  00000000  00000000  00000000  00000000
 00000012  00000000  00000000  00000000  00000000
 00000013  00000000  00000000  00000000  00000000
 00000014  00000001  0000005F  80000007  00000000
 00000015  00000002  00000082  0249F000  00000000
 00000016  000009C4  00000CE4  00000064  00000000
 00000017  00000000  00000000  00000000  00000000
 00000018  00000004  00000000  00000000  00000000
 00000019  00000007  00000014  00000003  00000000
 0000001A  20000001  00000000  00000000  00000000
 0000001B  00000000  00000000  00000000  00000000
 0000001C  C000000B  00000007  00000007  00000000
 0000001D  00000000  00000000  00000000  00000000
 0000001E  00000000  00000000  00000000  00000000
 0000001F  00000001  00000001  00000100  0000003C
 00000020  00000000  00000001  00000000  00000000
 80000000  80000008  00000000  00000000  00000000
 80000001  00000000  00000000  00000121  2C100800
 80000002  68743331  6E654720  746E4920  52286C65
 80000003  6F432029  54286572  6920294D  33312D35
 80000004  00303034  00000000  00000000  00000000
 80000005  00000000  00000000  00000000  00000000
 80000006  00000000  00000000  08008040  00000000
 80000007  00000000  00000000  00000000  00000100
 80000008  00003027  00000000  00000000  00000000

 CPU Group: 0
 CPU Thread: 15
 APIC ID: 62
 Processor ID: 0
 Core ID: 31
 Thread ID: 0

 Function  EAX       EBX       ECX       EDX
 00000000  00000020  756E6547  6C65746E  49656E69
 00000001  000B06F2  3E800800  7FFAFBBF  BFEBFBFF
 00000002  00FEFF01  00000000  00000000  00000000
 00000003  00000000  00000000  00000000  00000000
 00000004  FC004121  01C0003F  0000003F  00000000
 00000005  00000040  00000040  00000003  10102020
 00000006  00DF8FF7  00000002  00000409  00070003
 00000007  00000002  239C27EB  98C007AC  FC18C410
 00000008  00000000  00000000  00000000  00000000
 00000009  00000000  00000000  00000000  00000000
 0000000A  07300605  00000000  00000007  00008603
 0000000B  00000001  00000001  00000100  0000003E
 0000000C  00000000  00000000  00000000  00000000
 0000000D  00000207  00000340  00000A88  00000000
 0000000E  00000000  00000000  00000000  00000000
 0000000F  00000000  00000000  00000000  00000000
 00000010  00000000  00000000  00000000  00000000
 00000011  00000000  00000000  00000000  00000000
 00000012  00000000  00000000  00000000  00000000
 00000013  00000000  00000000  00000000  00000000
 00000014  00000001  0000005F  80000007  00000000
 00000015  00000002  00000082  0249F000  00000000
 00000016  000009C4  00000CE4  00000064  00000000
 00000017  00000000  00000000  00000000  00000000
 00000018  00000004  00000000  00000000  00000000
 00000019  00000007  00000014  00000003  00000000
 0000001A  20000001  00000000  00000000  00000000
 0000001B  00000000  00000000  00000000  00000000
 0000001C  C000000B  00000007  00000007  00000000
 0000001D  00000000  00000000  00000000  00000000
 0000001E  00000000  00000000  00000000  00000000
 0000001F  00000001  00000001  00000100  0000003E
 00000020  00000000  00000001  00000000  00000000
 80000000  80000008  00000000  00000000  00000000
 80000001  00000000  00000000  00000121  2C100800
 80000002  68743331  6E654720  746E4920  52286C65
 80000003  6F432029  54286572  6920294D  33312D35
 80000004  00303034  00000000  00000000  00000000
 80000005  00000000  00000000  00000000  00000000
 80000006  00000000  00000000  08008040  00000000
 80000007  00000000  00000000  00000000  00000100
 80000008  00003027  00000000  00000000  00000000

--------------------------------------------------------------------------------

Intel CPU

Name: 13th Gen Intel Core i5-13400
Number of Cores: 10
Threads per Core: 2
Timer Frequency: 10 MHz
Time Stamp Counter: Invariant
Estimated Time Stamp Counter Frequency: 2496.03 MHz
Estimated Time Stamp Counter Frequency Error: 0.02995 Mhz
Time Stamp Counter Frequency: 2496 MHz

MSR Core #1

 MSR       EDX       EAX
 000000CE  00040838  F0811900
 00000198  00002557  00002E00
 0000019C  00000000  88360000
 000001A2  00000000  00641400
 000001B1  00000000  88360000
 00000606  00000000  000A0E03
 00000611  00000000  0EBE83E5
 00000619  00000000  00000000
 00000639  00000000  640D3E76
 00000641  00000000  05F5D7E4

MSR Core #2

 MSR       EDX       EAX
 000000CE  00040838  F0811900
 00000198  00002532  00002E00
 0000019C  00000000  88410000
 000001A2  00000000  00641400
 000001B1  00000000  88360000
 00000606  00000000  000A0E03
 00000611  00000000  0EBE83E5
 00000619  00000000  00000000
 00000639  00000000  640D3E76
 00000641  00000000  05F5D7E4

MSR Core #3

 MSR       EDX       EAX
 000000CE  00040838  F0811900
 00000198  00002532  00002E00
 0000019C  00000000  883F0000
 000001A2  00000000  00641400
 000001B1  00000000  88360000
 00000606  00000000  000A0E03
 00000611  00000000  0EBE83E5
 00000619  00000000  00000000
 00000639  00000000  640D3E76
 00000641  00000000  05F5D7E4

MSR Core #4

 MSR       EDX       EAX
 000000CE  00040838  F0811900
 00000198  00002532  00002E00
 0000019C  00000000  88400000
 000001A2  00000000  00641400
 000001B1  00000000  88390000
 00000606  00000000  000A0E03
 00000611  00000000  0EBE83E5
 00000619  00000000  00000000
 00000639  00000000  640D3E76
 00000641  00000000  05F5D7E4

MSR Core #5

 MSR       EDX       EAX
 000000CE  00040838  F0811900
 00000198  000024E0  00002E00
 0000019C  00000000  88410000
 000001A2  00000000  00641400
 000001B1  00000000  88390000
 00000606  00000000  000A0E03
 00000611  00000000  0EBE83E5
 00000619  00000000  00000000
 00000639  00000000  640D3E76
 00000641  00000000  05F5D7E4

MSR Core #6

 MSR       EDX       EAX
 000000CE  00040838  F0811900
 00000198  000024E0  00002E00
 0000019C  00000000  88410000
 000001A2  00000000  00641400
 000001B1  00000000  88390000
 00000606  00000000  000A0E03
 00000611  00000000  0EBE83E5
 00000619  00000000  00000000
 00000639  00000000  640D3E76
 00000641  00000000  05F5D7E4

MSR Core #7

 MSR       EDX       EAX
 000000CE  00040838  F0811900
 00000198  00002109  00002100
 0000019C  00000000  88400000
 000001A2  00000000  00641400
 000001B1  00000000  88390000
 00000606  00000000  000A0E03
 00000611  00000000  0EBE83E5
 00000619  00000000  00000000
 00000639  00000000  640D3E76
 00000641  00000000  05F5D7E4

MSR Core #8

 MSR       EDX       EAX
 000000CE  00040838  F0811900
 00000198  00002109  00002100
 0000019C  00000000  88400000
 000001A2  00000000  00641400
 000001B1  00000000  88390000
 00000606  00000000  000A0E03
 00000611  00000000  0EBE83E5
 00000619  00000000  00000000
 00000639  00000000  640D3E76
 00000641  00000000  05F5D7E4

MSR Core #9

 MSR       EDX       EAX
 000000CE  00040838  F0811900
 00000198  000020E0  00002100
 0000019C  00000000  88400000
 000001A2  00000000  00641400
 000001B1  00000000  88390000
 00000606  00000000  000A0E03
 00000611  00000000  0EBE8576
 00000619  00000000  00000000
 00000639  00000000  640D3F9A
 00000641  00000000  05F5D7E4

MSR Core #10

 MSR       EDX       EAX
 000000CE  00040838  F0811900
 00000198  0000213F  00002100
 0000019C  00000000  88400000
 000001A2  00000000  00641400
 000001B1  00000000  88390000
 00000606  00000000  000A0E03
 00000611  00000000  0EBE8576
 00000619  00000000  00000000
 00000639  00000000  640D3F9A
 00000641  00000000  05F5D7E4

MicroArchitecture: RaptorLake
Time Stamp Counter Multiplier: 25

--------------------------------------------------------------------------------

AMD Display Library

Status: ADL_ERR

--------------------------------------------------------------------------------

Intel GPU (D3D)

Number of adapters: 2

AdapterIndex: 0
DeviceId: \\?\ROOT#BasicRender#0000#{1ca05180-a699-450a-9a0c-de4fbe3ddd89}
IsIntel: False

AdapterIndex: 1
DeviceId: \\?\PCI#VEN_8086&DEV_4682&SUBSYS_88821043&REV_0C#3&11583659&0&10#{1ca05180-a699-450a-9a0c-de4fbe3ddd89}
IsIntel: True
GpuSharedLimit: 8454365184
GpuSharedUsed: 1431769088
GpuSharedMax: 1431769088
GpuDedicatedLimit: 0
GpuDedicatedUsed: 0
GpuDedicatedMax: 0
Integrated: True

--------------------------------------------------------------------------------

FTD2XX

Status: missing DLL

--------------------------------------------------------------------------------

AquaComputer Hardware

No AquaComputer Hardware found.

--------------------------------------------------------------------------------

AeroCool Hardware

No AeroCool Hardware found.

--------------------------------------------------------------------------------

Nzxt Hardware

No Nzxt Hardware found.

--------------------------------------------------------------------------------

Storage

Drive Name: Colorful CN600 512GB DDR
Firmware Version: ECFO13.3

PCI Vendor ID: 0x1987
IEEE OUI Identifier: 0x6479a7
Total NVM Capacity: 512110190592
Unallocated NVM Capacity: 0
Controller ID: 1
Number of Namespaces: 1
Critical Warning: -
Temperature: 31 Celsius
Available Spare: 100%
Available Spare Threshold: 5%
Percentage Used: 0%
Data Units Read: 507982
Data Units Written: 963518
Host Read Commands: 11385815
Host Write Commands: 19689186
Controller Busy Time: 30
Power Cycles: 27
Power On Hours: 609
Unsafe Shutdowns: 8
Media Errors: 0
Number of Error Information Log Entries: 8
Warning Composite Temperature Time: 0
Critical Composite Temperature Time: 0
Logical Drive Name: C:\
Format: NTFS
Total Size: 208970838016
Total Free Space: 98711371776

Logical Drive Name: D:\
Format: NTFS
Total Size: 302394634240
Total Free Space: 291581726720

--------------------------------------------------------------------------------

Realtek PCIe 2.5GbE Family Controller
Up

Data Uploaded
2.999955

Data Downloaded
2.790946

Upload Speed
78330.52

Download Speed
66769.13

Network Utilization
1.160797

--------------------------------------------------------------------------------

Corsair HXi/RMi series PSU Hardware

